// Jest Snapshot v1, https://goo.gl/fbAQLP

exports[`components/grid/grid-table-header should render and match snapshot 1`] = `
<div>
  <div
    class="grid__table__cell grid__table__cell--header"
  >
    Name
  </div>
</div>
`;
