// Jest Snapshot v1, https://goo.gl/fbAQLP

exports[`App should render and match snapshot 1`] = `
<div
  className="app"
>
  <Navbar />
  <div
    className="app__page"
  >
    <Router />
  </div>
</div>
`;
