// Jest Snapshot v1, https://goo.gl/fbAQLP

exports[`components/grid/header should render and match snapshot 1`] = `
Object {
  "asFragment": [Function],
  "baseElement": <body>
    <div>
      <div
        class="grid__header"
      >
        <div
          class="grid__header__left"
        >
          <div
            class="grid__header__left__title"
          >
            Some title
          </div>
          <div
            class="grid__header__left__data-count"
          >
            (
            0
            /
            0
            )
          </div>
        </div>
        <div
          class="grid__header__right"
        >
          <div
            class="grid__header__right__filter"
          >
            <i
              class="fas fa-filter "
            />
            <label
              class="select"
            >
              <span
                class="select__label"
              />
              <select
                class="select__element"
                data-testid="filterby-select"
              >
                <option
                  value="col1"
                >
                  col1
                </option>
              </select>
            </label>
            <label
              class="combo-box"
            >
              <input
                data-testid="filter-value-input"
                list="filter-value-input"
                value=""
              />
            </label>
          </div>
          <div
            class="grid__header__right__sort"
          >
            <i
              class="fas fa-sort "
            />
            <label
              class="select"
            >
              <span
                class="select__label"
              />
              <select
                class="select__element"
                data-testid="select"
              >
                <option
                  selected=""
                  value="col1"
                >
                  col1
                </option>
              </select>
            </label>
            <button
              class="button button--tertiary"
              data-testid="sort-order-button"
            >
              <i
                class="fas fa-arrow-up "
              />
            </button>
          </div>
        </div>
      </div>
    </div>
  </body>,
  "container": <div>
    <div
      class="grid__header"
    >
      <div
        class="grid__header__left"
      >
        <div
          class="grid__header__left__title"
        >
          Some title
        </div>
        <div
          class="grid__header__left__data-count"
        >
          (
          0
          /
          0
          )
        </div>
      </div>
      <div
        class="grid__header__right"
      >
        <div
          class="grid__header__right__filter"
        >
          <i
            class="fas fa-filter "
          />
          <label
            class="select"
          >
            <span
              class="select__label"
            />
            <select
              class="select__element"
              data-testid="filterby-select"
            >
              <option
                value="col1"
              >
                col1
              </option>
            </select>
          </label>
          <label
            class="combo-box"
          >
            <input
              data-testid="filter-value-input"
              list="filter-value-input"
              value=""
            />
          </label>
        </div>
        <div
          class="grid__header__right__sort"
        >
          <i
            class="fas fa-sort "
          />
          <label
            class="select"
          >
            <span
              class="select__label"
            />
            <select
              class="select__element"
              data-testid="select"
            >
              <option
                selected=""
                value="col1"
              >
                col1
              </option>
            </select>
          </label>
          <button
            class="button button--tertiary"
            data-testid="sort-order-button"
          >
            <i
              class="fas fa-arrow-up "
            />
          </button>
        </div>
      </div>
    </div>
  </div>,
  "debug": [Function],
  "findAllByAltText": [Function],
  "findAllByDisplayValue": [Function],
  "findAllByLabelText": [Function],
  "findAllByPlaceholderText": [Function],
  "findAllByRole": [Function],
  "findAllByTestId": [Function],
  "findAllByText": [Function],
  "findAllByTitle": [Function],
  "findByAltText": [Function],
  "findByDisplayValue": [Function],
  "findByLabelText": [Function],
  "findByPlaceholderText": [Function],
  "findByRole": [Function],
  "findByTestId": [Function],
  "findByText": [Function],
  "findByTitle": [Function],
  "getAllByAltText": [Function],
  "getAllByDisplayValue": [Function],
  "getAllByLabelText": [Function],
  "getAllByPlaceholderText": [Function],
  "getAllByRole": [Function],
  "getAllByTestId": [Function],
  "getAllByText": [Function],
  "getAllByTitle": [Function],
  "getByAltText": [Function],
  "getByDisplayValue": [Function],
  "getByLabelText": [Function],
  "getByPlaceholderText": [Function],
  "getByRole": [Function],
  "getByTestId": [Function],
  "getByText": [Function],
  "getByTitle": [Function],
  "queryAllByAltText": [Function],
  "queryAllByDisplayValue": [Function],
  "queryAllByLabelText": [Function],
  "queryAllByPlaceholderText": [Function],
  "queryAllByRole": [Function],
  "queryAllByTestId": [Function],
  "queryAllByText": [Function],
  "queryAllByTitle": [Function],
  "queryByAltText": [Function],
  "queryByDisplayValue": [Function],
  "queryByLabelText": [Function],
  "queryByPlaceholderText": [Function],
  "queryByRole": [Function],
  "queryByTestId": [Function],
  "queryByText": [Function],
  "queryByTitle": [Function],
  "rerender": [Function],
  "unmount": [Function],
}
`;
